Godot Engine v4.7.stable.official.5b4e0cb0f - https://godotengine.org
WARNING: Could not set V-Sync mode, as changing V-Sync mode is not supported by the graphics driver.
     at: set_use_vsync (platform/linuxbsd/x11/gl_manager_x11.cpp:372)
OpenGL API 4.5 (Core Profile) Mesa 25.0.7-2+deb13u1 - Compatibility - Using Device: Mesa - llvmpipe (LLVM 19.1.7, 256 bits)

WARNING: 2D MSAA is not yet supported for GLES3.
     at: render_target_set_msaa (drivers/gles3/storage/texture_storage.cpp:3210)
[OK] Android vykresluje do návrhového viewportu
WARNING: 2D MSAA is not yet supported for GLES3.
     at: render_target_set_msaa (drivers/gles3/storage/texture_storage.cpp:3210)
     GDScript backtrace (most recent call first):
         [0] _run (res://scripts/qa_mobile_render.gd:30)
[OK] (2560, 1600): omezené interní rozlišení (1280, 800)
[OK] (2560, 1600): viewport a obraz mají stejný poměr stran
[OK] (2560, 1600): tlačítko HUD reaguje v pixelech displeje
[OK] (2560, 1600): fyzický dotyk přidělí právě jednu dovednost
[OK] (2560, 1600): tažení přesune kameru, nevytvoří herní příkaz
[OK] (1920, 1200): omezené interní rozlišení (1280, 800)
[OK] (1920, 1200): viewport a obraz mají stejný poměr stran
[OK] (1920, 1200): tlačítko HUD reaguje v pixelech displeje
[OK] (1920, 1200): fyzický dotyk přidělí právě jednu dovednost
[OK] (1920, 1200): tažení přesune kameru, nevytvoří herní příkaz
[OK] (2400, 1080): omezené interní rozlišení (1600, 720)
[OK] (2400, 1080): viewport a obraz mají stejný poměr stran
[OK] (2400, 1080): tlačítko HUD reaguje v pixelech displeje
[OK] (2400, 1080): fyzický dotyk přidělí právě jednu dovednost
[OK] (2400, 1080): tažení přesune kameru, nevytvoří herní příkaz
VÝSLEDEK: OK (16 kontrol, 0 chyb)
